// Jest Snapshot v1, https://goo.gl/fbAQLP

exports[`Aarti renders properly 1`] = `
<NavigationBar>
  <h1>
    दुर्गा
     
    आरती
  </h1>
  <br />
  <p>
    जय अम्बे गौरी, मैया जय श्यामा गौरी ।
    <br />
    तुमको निशदिन ध्यावत, हरि ब्रह्मा शिवरी ॥
    <br />
    मांग सिंदूर विराजत, टीको मृगमद को ।
    <br />
    उज्जवल से दो‌उ नैना, चन्द्रबदन नीको ॥ जय…
    <br />
    कनक समान कलेवर, रक्ताम्बर राजै ।
    <br />
    रक्त पुष्प गलमाला, कण्ठन पर साजै ॥ जय…
    <br />
    केहरि वाहन राजत, खड़ग खप्परधारी ।
    <br />
    सुर नर मुनिजन सेवक, तिनके दुखहारी ॥ जय…
    <br />
    कानन कुण्डल शोभित, नासाग्रे मोती ।
    <br />
    कोटिक चन्द्र दिवाकर, राजत सम ज्योति ॥ जय…
    <br />
    शुम्भ निशुम्भ विडारे, महिषासुर घाती ।
    <br />
    धूम्र विलोचन नैना, निशदिन मदमाती ॥ जय…
    <br />
    चण्ड मुण्ड संघारे, शोणित बीज हरे ।
    <br />
    मधुकैटभ दो‌उ मारे, सुर भयहीन करे ॥ जय…
    <br />
    ब्रहमाणी रुद्राणी तुम कमला रानी ।
    <br />
    आगम निगम बखानी, तुम शिव पटरानी ॥ जय…
    <br />
    चौसठ योगिनी गावत, नृत्य करत भैरुं ।
    <br />
    बाजत ताल मृदंगा, अरु बाजत डमरु ॥ जय…
    <br />
    तुम हो जग की माता, तुम ही हो भर्ता ।
    <br />
    भक्‍तन् की दुःख हरता, सुख-सम्पत्ति करता ॥ जय…
    <br />
    भुजा चार अति शोभित, खड़ग खप्परधारी ।
    <br />
    मनवांछित फल पावत, सेवत नर नारी ॥ जय…
    <br />
    कंचन थाल विराजत, अगर कपूर बाती ।
    <br />
    श्री मालकेतु में राजत, कोटि रतन ज्योति ॥ जय…
    <br />
    श्री अम्बे जी की आरती, जो को‌ई नर गावै ।
    <br />
    कहत शिवानन्द स्वामी, सुख सम्पत्ति पावै ॥ जय…
    <br />
  </p>
</NavigationBar>
`;

exports[`Aarti renders properly 2`] = `
<NavigationBar>
  <h1>
    गणेश
     
    आरती
  </h1>
  <br />
  <p>
    जय गणेश, जय गणेश, जय गणेश देवा ।
    <br />
    माता जाकी पार्वती, पिता महादेवा ॥
    <br />
    जय गणेश, जय गणेश, जय गणेश देवा ॥
    <br />
    एक दंत दयावंत, चार भुजाधारी ।
    <br />
    माथे पे सिंदूर सोहे, मूसे की सवारी ॥
    <br />
    जय गणेश, जय गणेश, जय गणेश देवा ॥
    <br />
    अंधन को आंख देत, कोढ़िन को काया ।
    <br />
    बांझन को पुत्र देत, निर्धन को माया ॥
    <br />
    जय गणेश, जय गणेश, जय गणेश देवा ॥
    <br />
    हार चढ़ै, फूल चढ़ै और चढ़ै मेवा ।
    <br />
    लड्डुअन को भोग लगे, संत करे सेवा ॥
    <br />
    जय गणेश, जय गणेश, जय गणेश देवा ॥
    <br />
    दीनन की लाज राखो, शंभु सुतवारी ।
    <br />
    कामना को पूर्ण करो, जग बलिहारी ॥
    <br />
    जय गणेश, जय गणेश, जय गणेश देवा ॥
    <br />
  </p>
</NavigationBar>
`;

exports[`Aarti renders properly 3`] = `
<NavigationBar>
  <h1>
    हनुमान
     
    आरती
  </h1>
  <br />
  <p>
    आरती कीजै हनुमान लला की। दुष्ट दलन रघुनाथ कला की ॥
    <br />
    जाके बल से गिरिवर काँपै। रोग-दोष जाके निकट न झाँपै ॥
    <br />
    अंजनी पुत्र महा बलदाई। संतन के प्रभु सदा सहाई ॥
    <br />
    दे बीरा रघुनाथ पठाए। लंका जारि सिया सुधि लाए ॥
    <br />
    लंका सो कोट समुद्र सी खाई। जात पवनसुत बार न लाई ॥
    <br />
    लंका जारि असुर संहारे। सियारामजी के काज सँवारे ॥
    <br />
    लक्ष्मण मूर्छित पड़े सकारे। आनि सजीवन प्रान उबारे ॥
    <br />
    पैठि पाताल तोरि जम-कारे। अहिरावन की भुजा उखारे ॥
    <br />
    बाएं भुजा असुर दल मारे। दहिने भुजा संतजन तारे ॥
    <br />
    सुर नर मुनि आरती उतारें। जै जै जै हनुमान उचारें ॥
    <br />
    कंचन थार कपूर लौ छाई। आरति करत अंजना माई ॥
    <br />
    जो हनुमानजी की आरति गावै। बसि बैकुण्ठ परम पद पावै ॥
    <br />
  </p>
</NavigationBar>
`;

exports[`Aarti renders properly 4`] = `
<NavigationBar>
  <h1>
    कृष्णा
     
    आरती
  </h1>
  <br />
  <p>
    आरती युगल किशोर की कीजै।
    <br />
    राधे तन मन धन न्यौछावर कीजै॥
    <br />
    रवि शशि कोटि बदन की शोभा।
    <br />
    ताहि निरख मेरो मन लोभा॥
    <br />
    गौर श्याम मुख निरखत रीझै।
    <br />
    प्रभु को रुप नयन भर पीजै॥
    <br />
    कंचन थार कपूर की बाती।
    <br />
    हरि आए निर्मल भई छाती॥
    <br />
    फूलन की सेज फूलन की माला।
    <br />
    रत्न सिंहासन बैठे नन्दलाला॥
    <br />
    मोर मुकुट कर मुरली सोहे।
    <br />
    नटवर वेष देख मन मोहे॥
    <br />
    ओढ़े पीत नील पट सारी।
    <br />
    कुंज बिहारी गिरिवर धारी॥
    <br />
    श्री पुरुषोत्तम गिरिवर धारी।
    <br />
    आरति करत सकल ब्रज नारी॥
    <br />
    नंदनंदन वृषभानु किशोरी।
    <br />
    परमानन्द स्वामि अविचल जोरी॥
    <br />
  </p>
</NavigationBar>
`;

exports[`Aarti renders properly 5`] = `
<NavigationBar>
  <h1>
    लक्ष्मी
     
    आरती
  </h1>
  <br />
  <p>
    जय लक्ष्मी माता मैया जय लक्ष्मी माता।
    <br />
    तुमको निशदिन सेवत, हर विष्णु विधाता।। ॐ जय…
    <br />
    ब्रह्माणी, रुद्राणी तुम ही जगमाता।
    <br />
    सूर्य चन्द्रमा ध्यावत, नारद ॠषि गाता। ॐ जय…
    <br />
    दुर्गा रूप निरन्जनि, सुख सम्पत्ति दाता।
    <br />
    जो कोई तुमको ध्याता, रिद्धि-सिद्धि पाता।। ॐ जय…
    <br />
    तुम पाताल-निवासिनी, तुम ही शुभदाता ।
    <br />
    कर्म-प्रभाव-प्रकाशिनि, भवनिधि की त्राता। ॐ जय…
    <br />
    जिस घर थारो बासो, वाहि में गुण आता।
    <br />
    कर न सकै सोई कर ले, मन नहीं धड़काता। ॐ जय…
    <br />
    तुम बिन यज्ञ न होते वस्त्र न कोई पाता।
    <br />
    खान-पान का वैभव, तुम बिन नहिं आता। ॐ जय…
    <br />
    शुभ गुण सुन्दर युक्ता क्षीरोदधि जाता।
    <br />
    रत्न चतुर्दिश ताको कोई नहीं पाता। ॐ जय…
    <br />
    श्रीलक्ष्मी जी की आरती, जो कोई नर गाता ।
    <br />
    उर उमंग अति उपजे पाप उतर जाता। ॐ जय…
    <br />
    स्थिर चर जगत रचाये शुभ कर्मन लाता।
    <br />
    तेरा भक्त मैया जी शुभ दृष्टि पाता। ॐ जय…
    <br />
  </p>
</NavigationBar>
`;

exports[`Aarti renders properly 6`] = `
<NavigationBar>
  <h1>
    महा काली
     
    आरती
  </h1>
  <br />
  <p>
    अंबे तू है जगदंबे काली, जय दुर्गे खप्पर वाली ।
    <br />
    तेरे ही गुण गाएं भारती,
    <br />
    ओ मैया हम सब उतारें तेरी आरती ॥
    <br />
    तेरे भक्त जनों पे माता, भीर पड़ी है भारी ।
    <br />
    दानव दल पर टूट पड़ो मां, करके सिंह सवारी ॥
    <br />
    सौ सौ सिंहो से है बलशाली, है दस भुजाओं वाली ।
    <br />
    दुखियों के दुख को निवारती ।। ओ मैया ……
    <br />
    मां बेटे का है इस जग में, बड़ा ही निर्मल नाता ।
    <br />
    पूत कपूत सुने हैं पर, ना माता सुनी कुमाता ॥
    <br />
    सब पे करूणा दरसाने वाली, अमृत बरसाने वाली ।
    <br />
    दुखियों के दुखड़े निवारती ।। ओ मैया ……
    <br />
    नहीं मांगते धन और दौलत, न चांदी न सोना ।
    <br />
    हम तो मांगे मां तेरे मन में एक छोटा सा कोना ॥
    <br />
    सब की बिगड़ी बनाने वाली, लाज बचाने वाली ।
    <br />
    सतियों के सत को संवारती ।। ओ मैया ……
    <br />
  </p>
</NavigationBar>
`;

exports[`Aarti renders properly 7`] = `
<NavigationBar>
  <h1>
    राम
     
    आरती
  </h1>
  <br />
  <p>
    आरती कीजे श्री रामचंद्र की ।
    <br />
    दुष्टदलन सीतापति जी की ॥
    <br />
    पहली आरती पुष्पन की माला,
    <br />
    काली नाग नाथ लाए गोपाला ॥
    <br />
    दूसरी आरती देवकी नंदन,
    <br />
    भक्त उबारन कंस निकंदन ॥
    <br />
    तीसरी आरती त्रिभुवन मोहे,
    <br />
    रत्न सिंहासन सीता राम जी सोहे ॥
    <br />
    चौथी आरती चहुं युग पूजा,
    <br />
    देव निरंजन स्वामी और न दूजा ॥
    <br />
    पांचवीं आरती राम को भावे,
    <br />
    रामजी का यश नामदेवजी गावें ॥
    <br />
  </p>
</NavigationBar>
`;

exports[`Aarti renders properly 8`] = `
<NavigationBar>
  <h1>
    साई बाबा
     
    आरती
  </h1>
  <br />
  <p>
    आरती श्रीसाईं गुरूवर की ।
    <br />
    परमानंद सदा सुरवर की ॥
    <br />
    जाकी कृपा विपुल सुखकारी ।
    <br />
    दुख-शोक, संकट, भयहारी ॥
    <br />
    शिरडी में अवतार रचाया ।
    <br />
    चमत्कार से जग हर्षाया ॥
    <br />
    कितने भक्त शरण में आए ।
    <br />
    सब सुख-शांति चिरंतन पाए ॥
    <br />
    भाव धरे जो मन में जैसा ।
    <br />
    पावत अनुभव वो ही वैसा ॥
    <br />
    गुरू की उदी लगावे तन को ।
    <br />
    समाधान लाभत उस मन को ॥
    <br />
    साईं नाम सदा जो गावे ।
    <br />
    सो फल जग में शाश्वत पावे ॥
    <br />
    गुरूवासर करि पूजा सेवा ।
    <br />
    उस पर कृपा करत गुरू देवा ॥
    <br />
    राम, कृष्ण, हनुमान, रूप में ।
    <br />
    जानत जो श्रद्धा धर मन में ॥
    <br />
    विविध धर्म के सेवक आते ।
    <br />
    दर्शन कर इच्छित फल पाते ॥
    <br />
    साईं बाबा की जय बोलो ।
    <br />
    अंतर मन में आनंद घोलो ॥
    <br />
    साईं दास आरती गावे ।
    <br />
    बसि घर में सुख मंगल पावे ॥
    <br />
  </p>
</NavigationBar>
`;

exports[`Aarti renders properly 9`] = `
<NavigationBar>
  <h1>
    सरस्वती
     
    आरती
  </h1>
  <br />
  <p>
    जय सरस्वती माता, मैया जय सरस्वती माता ।
    <br />
    सद्दग़ुण वैभव शालिनि, त्रिभुवन विख्याता ॥
    <br />
    ॐ जय सरस्वती माता…
    <br />
    चंद्रवदनि पद्मासिनि, द्युति मंगलकारी ।
    <br />
    सोहे शुभ हंस सवारी, अतुल तेजधारी ॥
    <br />
    ॐ जय सरस्वती माता…
    <br />
    बाएं कर में वीणा, दाएं कर माला ।
    <br />
    शीश मुकुट मणि सोहे, गल मोतियन माला ॥
    <br />
    ॐ जय सरस्वती माता…
    <br />
    देवि शरण जो आए, उनका उद्धार किया ।
    <br />
    पैठि मंथरा दासी, रावण संहार किया ॥
    <br />
    ॐ जय सरस्वती माता…
    <br />
    विद्या ज्ञान प्रदायिनि ज्ञान प्रकाश भरो ।
    <br />
    मोह,अज्ञान और तिमिर का, जग से नाश करो ॥
    <br />
    ॐ जय सरस्वती माता…
    <br />
    धूप दीप फल मेवा, मां स्वीकार करो ।
    <br />
    ज्ञानचक्षु दे माता, जग निस्तार करो ॥
    <br />
    ॐ जय सरस्वती माता…
    <br />
    मां सरस्वती की आरती, जो कोई जन गावे ।
    <br />
    हितकारी सुखकारी, ज्ञान भक्ति पावे ॥
    <br />
    ॐ जय सरस्वती माता…
    <br />
  </p>
</NavigationBar>
`;

exports[`Aarti renders properly 10`] = `
<NavigationBar>
  <h1>
    शनि
     
    आरती
  </h1>
  <br />
  <p>
    जय जय श्री शनिदेव भक्तन हितकारी ।
    <br />
    सूरज के पुत्र प्रभु छाया महतारी ॥
    <br />
    जय जय श्री शनिदेव...
    <br />
    श्याम अंक वक्र दृष्ट चतुर्भुजा धारी ।
    <br />
    नीलांबर धार नाथ गज की असवारी ॥
    <br />
    जय जय श्री शनिदेव...
    <br />
    किरीट मुकुट शीश सहज दिपत है लिलारी ।
    <br />
    मुक्तन की माल गले शोभित बलिहारी ॥
    <br />
    जय जय श्री शनिदेव...
    <br />
    मोदक मिष्ठान पान चढ़त हैं सुपारी ।
    <br />
    लोहा तिल तेल उड़द महिषी अति प्यारी ॥
    <br />
    जय जय श्री शनिदेव...
    <br />
    देव दनुज ॠषि मुनि सुरत नर नारी ।
    <br />
    विश्वनाथ धरत ध्यान शरण हैं तुम्हारी ॥
    <br />
    जय जय श्री शनिदेव...
    <br />
  </p>
</NavigationBar>
`;

exports[`Aarti renders properly 11`] = `
<NavigationBar>
  <h1>
    शिव
     
    आरती
  </h1>
  <br />
  <p>
    जय शिव ओंकारा, ॐ जय शिव ओंकारा ।
    <br />
    ब्रह्मा, विष्णु, सदाशिव, अर्द्धांगी धारा ॥ ॐ जय…
    <br />
    एकानन चतुरानन पंचानन राजे ।
    <br />
    हंसासन गरूड़ासन वृषवाहन साजे ॥ ॐ जय…
    <br />
    दो भुज चार चतुर्भुज दसभुज अति सोहे ।
    <br />
    त्रिगुण रूप निरखते त्रिभुवन जन मोहे ॥ ॐ जय…
    <br />
    अक्षमाला वनमाला मुण्डमाला धारी ।
    <br />
    त्रिपुरारी कंसारी कर माला धारी ॥ ॐ जय…
    <br />
    श्वेतांबर पीतांबर बाघंबर अंगे ।
    <br />
    सनकादिक गरुणादिक भूतादिक संगे ॥ ॐ जय…
    <br />
    कर के मध्य कमंडलु चक्र त्रिशूलधारी ।
    <br />
    सुखकारी दुखहारी जगपालन कारी ॥ ॐ जय…
    <br />
    ब्रह्मा विष्णु सदाशिव जानत अविवेका ।
    <br />
    प्रणवाक्षर में शोभित ये तीनों एका ॥ ॐ जय…
    <br />
    लक्ष्मी व सावित्री पार्वती संगा ।
    <br />
    पार्वती अर्द्धांगी, शिवलहरी गंगा ॥ ॐ जय…
    <br />
    पर्वत सोहैं पार्वती, शंकर कैलासा ।
    <br />
    भांग धतूर का भोजन, भस्मी में वासा ॥ ॐ जय…
    <br />
    जटा में गंग बहत है, गल मुण्डन माला ।
    <br />
    शेष नाग लिपटावत, ओढ़त मृगछाला ॥ ॐ जय…
    <br />
    काशी में विराजे विश्वनाथ, नंदी ब्रह्मचारी ।
    <br />
    नित उठ दर्शन पावत, महिमा अति भारी ॥ ॐ जय…
    <br />
    त्रिगुणस्वामी जी की आरति जो कोइ नर गावे ।
    <br />
    कहत शिवानंद स्वामी सुख संपति पावे ॥ ॐ जय…
    <br />
  </p>
</NavigationBar>
`;

exports[`Aarti renders properly 12`] = `
<NavigationBar>
  <h1>
    विष्णु
     
    आरती
  </h1>
  <br />
  <p>
    ॐ जय जगदीश हरे, स्वामी जय जगदीश हरे ।
    <br />
    भक्त जनन के संकट, क्षण में दूर करे ॥ ॐ…
    <br />
    जो ध्यावे फल पावे, दुख विनसे मन का ।
    <br />
    सुख संपत्ति घर आवे , कष्ट मिटे तन का ॥ ॐ…
    <br />
    मात-पिता तुम मेरे, शरण गहूं मैं किसकी ।
    <br />
    तुम बिन और न दूजा, आस करूं जिसकी ॥ ॐ…
    <br />
    तुम पूरण परमात्मा, तुम अंतर्यामी ।
    <br />
    पारब्रह्म परमेश्वर, तुम सबके स्वामी ॥ ॐ…
    <br />
    तुम करूणा के सागर, तुम पालन कर्ता ।
    <br />
    मैं मूरख खल कामी, कृपा करो भर्ता ॥ ॐ…
    <br />
    तुम हो एक अगोचर, सबके प्राणपती ।
    <br />
    किस विधि मिलूं दयामय, तुमको मैं कुमती ॥ ॐ…
    <br />
    दीनबंधु दुखहर्ता, तुम रक्षक मेरे ।
    <br />
    करूणा हस्त उठाओ, द्वार पड़ा तेरे ॥ ॐ…
    <br />
    विषय विकार मिटाओ, पाप हरो देवा ।
    <br />
    श्रद्धा भक्ति बढ़ाओ, संतन की सेवा ॥ ॐ…
    <br />
    श्री जगदीश जी की आरति, जो कोइ नर गावे ।
    <br />
    कहत शिवानंद स्वामी, सुख संपत्ति पावे ॥ ॐ…
    <br />
  </p>
</NavigationBar>
`;

exports[`Aarti renders properly 13`] = `
<NavigationBar>
  <h1>
    दुर्गा
     
    चालीसा
  </h1>
  <br />
  <p>
    नमो नमो दुर्गे सुख करनी । नमो नमो अम्बे दुख हरनी ॥
    <br />
    निराकार है ज्योति तुम्हारी । तिहुँ लोक फैली उजियारी ॥
    <br />
    शशि ललाट मुख महा विशाला । नेत्र लाल भृकुटी विकराला ॥
    <br />
    रुप मातु को अधिक सुहावे । दरश करत जन अति सुख पावे ॥
    <br />
    तुम संसार शक्ति लय कीना । पालन हेतु अन्न धन दीना ॥
    <br />
    अन्नपूरना हुई जग पाला । तुम ही आदि सुन्दरी बाला ॥
    <br />
    प्रलय काल सब नाशन हारी । तुम गौरी शिव शंकर प्यारी ॥
    <br />
    शिव योगी तुम्हरे गुण गावैं । ब्रह्मा विष्णु तुम्हें नित ध्यावैं ॥
    <br />
    रुप सरस्वती को तुम धारा । दे सुबुद्धि ॠषि मुनिन उबारा ॥
    <br />
    धरा रुप नरसिंह को अम्बा । परगत भई फाड़ कर खम्बा ॥
    <br />
    रक्षा करि प्रहलाद बचायो । हिरणाकुश को स्वर्ग पठायो ॥
    <br />
    लक्ष्मी रूप धरो जग माहीं । श्री नारायण अंग समाहीं ॥
    <br />
    क्षीरसिंधु में करत विलासा । दयासिंधु दीजै मन आसा ॥
    <br />
    हिंगलाज में तुम्हीं भवानी । महिमा अमित न जात बखानी ॥
    <br />
    मातंगी धूमावती माता । भुवनेश्वरि बगला सुख दाता ॥
    <br />
    श्री भैरव तारा जग तारिणी । क्षिन्न लाल भवदुख निवारिणी ॥
    <br />
    केहरि वाहन सोहे भवानी ।लांगुर वीर चलत अगवानी ॥
    <br />
    कर में खप्पर खड़ग विराजै । जाको देख काल डर भाजै ॥
    <br />
    सोहे अस्त्र और त्रिसूला । जाते उठत शत्रु हिय शूला ॥
    <br />
    नगरकोट में तुम्हीं विराजत । तिहुँ लोक में डंका बाजत ॥
    <br />
    शुम्भ निशुम्भ दानव तुम मारे । रक्तबीज शंखन संहारे ॥
    <br />
    महिषासुर नृप अति अभिमानी । जेहि अघ भार मही अकुलानी ॥
    <br />
    रुप कराल काली को धारा । सेन सहित तुम तिहि संहारा ॥
    <br />
    परी गाढ़ सन्तन पर जब जब । भई सहाय मातु तुम तब तब ॥
    <br />
    अमर पुरी औरों सब लोका । तब महिमा सब रहे अशोका ॥
    <br />
    ज्वाला में है ज्योति तुम्हारी । तुम्हें सदा पूजैं नर नारी ॥
    <br />
    प्रेम भक्ति से जो जस गावै । दुःख दारिद्र निकट नहीं आवै ॥
    <br />
    ध्यावें तुम्हें जो नर मन लाई । जन्म मरण ताको छुट जाई ॥
    <br />
    जोगी सुर मुनि कहत पुकारी । योग न हो बिन शक्ति तुम्हारी ॥
    <br />
    शंकर आचारज तप कीनों । काम क्रोध जीति सब लीनों ॥
    <br />
    निशि दिन ध्यान धरो शंकर को । काहु काल नहिं सुमिरो तुमको ॥
    <br />
    शक्ति रुप को मरम न पायो । शक्ति गई तब मन पछतायो ॥
    <br />
    शरणागत हुई कीर्ति बखानी । जै जै जै जगदम्ब भवानी ॥
    <br />
    भई प्रसन्न आदि जगदम्बा । दई शक्ति नहिं कीन विलम्बा ॥
    <br />
    मोको मात कष्ट अति घेरो । तुम बिन कौन हरे दुःख मेरो ॥
    <br />
    आशा तृष्णा निपट सतावै । रिपु मूरख मोहि अति डर पावै ॥
    <br />
    शत्रु नाश कीजै महारानी । सुमिरौ इकचित तुम्हें भवानी ॥
    <br />
    करो कृपा हे मातु दयाला । ॠद्धि सिद्धि दे करहु निहाला ॥
    <br />
    जब लगि जियौं दया फल पाऊँ । तुम्हरो जस मैं सदा सुनाऊँ ॥
    <br />
    दुर्गा चालीसा जो कोई गावै । सब सुख भोग परम पद पावै ॥
    <br />
    देवीदास शरण निज जानी । करहु कृपार जगदम्बा भवानी ॥
    <br />
  </p>
</NavigationBar>
`;

exports[`Aarti renders properly 14`] = `
<NavigationBar>
  <h1>
    गणेश
     
    चालीसा
  </h1>
  <br />
  <p>
    जय जय जय वंदन भुवन, नंदन गौरिगणेश ।
    <br />
    दुख द्वंद्वन फंदन हरन,सुंदर सुवन महेश ॥
    <br />
    जयति शंभु सुत गौरी नंदन ।
    <br />
    विघ्न हरन नासन भव फंदन ॥
    <br />
    जय गणनायक जनसुख दायक ।
    <br />
    विश्व विनायक बुद्धि विधायक ॥
    <br />
    एक रदन गज बदन विराजत ।
    <br />
    वक्रतुंड शुचि शुंड सुसाजत ॥
    <br />
    तिलक त्रिपुण्ड भाल शशि सोहत ।
    <br />
    छबि लखि सुर नर मुनि मन मोहत ॥
    <br />
    उर मणिमाल सरोरुह लोचन ।
    <br />
    रत्न मुकुट सिर सोच विमोचन ॥
    <br />
    कर कुठार शुचि सुभग त्रिशूलम् ।
    <br />
    मोदक भोग सुगंधित फूलम् ॥
    <br />
    सुंदर पीताम्बर तन साजित ।
    <br />
    चरण पादुका मुनि मन राजित ॥
    <br />
    धनि शिव सुवन भुवन सुख दाता ।
    <br />
    गौरी ललन षडानन भ्राता ॥
    <br />
    ॠद्धि सिद्धि तव चंवर सुढारहिं ।
    <br />
    मूषक वाहन सोहित द्वारहिं ॥
    <br />
    तव महिमा को बरनै पारा ।
    <br />
    जन्म चरित्र विचित्र तुम्हारा ॥
    <br />
    एक असुर शिवरुप बनावै ।
    <br />
    गौरिहिं छलन हेतु तह आवै ॥
    <br />
    एहि कारण ते श्री शिव प्यारी ।
    <br />
    निज तन मैल मूर्ति रचि डारि ॥
    <br />
    सो निज सुत करि गृह रखवारे ।
    <br />
    द्धारपाल सम तेहिं बैठारे ॥
    <br />
    जबहिं स्वयं श्री शिव तहं आए ।
    <br />
    बिनु पहिचान जान नहिं पाए ॥
    <br />
    पूछ्यो शिव हो किनके लाला ।
    <br />
    बोलत भे तुम वचन रसाला ॥
    <br />
    मैं हूं गौरी सुत सुनि लीजै ।
    <br />
    आगे पग न भवन हित दीजै ॥
    <br />
    आवहिं मातु बूझि तब जाओ ।
    <br />
    बालक से जनि बात बढ़ाओ ॥
    <br />
    चलन चह्यो शिव बचन न मान्यो ।
    <br />
    तब ह्वै क्रुद्ध युद्ध तुम ठान्यो ॥
    <br />
    तत्क्षण नहिं कछु शंभु बिचारयो ।
    <br />
    गहि त्रिशूल भूल वश मारयो ॥
    <br />
    शिरिष फूल सम सिर कटि गयउ ।
    <br />
    छट उड़ि लोप गगन महं भयउ ॥
    <br />
    गयो शंभु जब भवन मंझारी ।
    <br />
    जहं बैठी गिरिराज कुमारी ॥
    <br />
    पूछे शिव निज मन मुसकाये ।
    <br />
    कहहु सती सुत कहं ते जाये ॥
    <br />
    खुलिगे भेद कथा सुनि सारी ।
    <br />
    गिरी विकल गिरिराज दुलारी ॥
    <br />
    कियो न भल स्वामी अब जाओ ।
    <br />
    लाओ शीष जहां से पाओ ॥
    <br />
    चल्यो विष्णु संग शिव विज्ञानी ।
    <br />
    मिल्यो न सो हस्तिहिं सिर आनी ॥
    <br />
    धड़ ऊपर स्थित कर दीन्ह्यो ।
    <br />
    प्राण वायु संचालन कीन्ह्यो ॥
    <br />
    श्री गणेश तब नाम धरायो ।
    <br />
    विद्या बुद्धि अमर वर पायो ॥
    <br />
    भे प्रभु प्रथम पूज्य सुखदायक ।
    <br />
    विघ्न विनाशक बुद्धि विधायक ॥
    <br />
    प्रथमहिं नाम लेत तव जोई ।
    <br />
    जग कहं सकल काज सिध होई ॥
    <br />
    सुमिरहिं तुमहिं मिलहिं सुख नाना ।
    <br />
    बिनु तव कृपा न कहुं कल्याना ॥
    <br />
    तुम्हरहिं शाप भयो जग अंकित ।
    <br />
    भादौं चौथ चंद्र अकलंकित ॥
    <br />
    जबहिं परीक्षा शिव तुहिं लीन्हा ।
    <br />
    प्रदक्षिणा पृथ्वी कहि दीन्हा ॥
    <br />
    षड्मुख चल्यो मयूर उड़ाई ।
    <br />
    बैठि रचे तुम सहज उपाई ॥
    <br />
    राम नाम महि पर लिखि अंका ।
    <br />
    कीन्ह प्रदक्षिण तजि मन शंका ॥
    <br />
    श्री पितु मातु चरण धरि लीन्ह्यो ।
    <br />
    ता कहं सात प्रदक्षिण कीन्ह्यो ॥
    <br />
    पृथ्वी परिक्रमा फल पायो ।
    <br />
    अस लखि सुरन सुमन बरसायो ॥
    <br />
    'सुंदरदास' राम के चेरा ।
    <br />
    दुर्वासा आश्रम धरि डेरा ॥
    <br />
    विरच्यो श्रीगणेश चालीसा ।
    <br />
    शिव पुराण वर्णित योगीशा ॥
    <br />
    नित्य गजानन जो गुण गावत ।
    <br />
    गृह बसि सुमति परम सुख पावत ॥
    <br />
    जन धन धान्य सुवन सुखदायक ।
    <br />
    देहिं सकल शुभ श्री गणनायक ॥
    <br />
    श्री गणेश यह चालिसा,पाठ करै धरि ध्यान ।
    <br />
    नित नव मंगल मोद लहि,मिलै जगत सम्मान ॥
    <br />
    द्धै सहस्त्र दस विक्रमी, भाद्र कृष्ण तिथि गंग ।
    <br />
    पूरन चालीसा भयो, सुंदर भक्ति अभंग ॥
    <br />
  </p>
</NavigationBar>
`;

exports[`Aarti renders properly 15`] = `
<NavigationBar>
  <h1>
    हनुमान
     
    चालीसा
  </h1>
  <br />
  <p>
    श्रीगुरु चरन सरोज रज निज मनु मुकुरु सुधारि ॥
    <br />
    बरनउँ रघुबर बिमल जसु जो दायकु फल चारि ॥
    <br />
    बुध्दिहीन तनु जानिके, सुमिरौं पवन-कुमार ।
    <br />
    बल बुद्धि बिद्या देहु मोहिं, हरहु कलेस बिकार ॥
    <br />
    <br />
    चौपाई
    <br />
    जय हनुमान ज्ञान गुन सागर । जय कपिस तिहुँ लोक उजागर ॥
    <br />
    राम दूत अतुलित बल धामा । अंजनि-पुत्र पवन सुत नामा ॥
    <br />
    महाबीर बिक्रम बजरंगी । कुमति निवार सुमति के संगी ॥
    <br />
    कंचन बरन बिराज सुबेसा । कानन कुंडल कुंचित केसा ॥
    <br />
    हाथ बज्र औ ध्वजा बिराजै कांधे मूँज जनेऊ साजै ॥
    <br />
    संकर सुवन केसरीनंदन । तेज प्रताप महा जग बंदन ॥
    <br />
    बिद्यावान गुनी अति चातुर । राम काज करिबे को आतुर ॥
    <br />
    प्रभु चरित्र सुनिबे को रसिया । राम लषन सीता मन बसिया ॥
    <br />
    सूक्ष्म रूप धरि सियहिं दिखावा । बिकट रूप धरि लंक जरावा ॥
    <br />
    भीम रूप धरि असुर सँहारे । रामचंद्र के काज सँवारे ॥
    <br />
    लाय सजीवन लखन जियाये । श्रीरघुबीर हरषि उर लाये ॥
    <br />
    रघुपति कीन्ही बहुत बड़ाई । तुम मम प्रिय भरतहि सम भाई ॥
    <br />
    सहस बदन तुम्हरो जस गावैं । अस कहि श्रीपति कंठ लगावैं ॥
    <br />
    सनकादिक ब्रह्मादि मुनीसा । नारद सारद सहित अहीसा ॥
    <br />
    जम कुबेर दिगपाल जहाँ ते । कबि कोबिद कहि सके कहाँ ते ॥
    <br />
    तुम उपकार सुग्रीवहिं कीन्हा । राम मिलाय राज पद दीन्हा ॥
    <br />
    तुम्हरो मन्त्र बिभीषन माना। लंकेस्वर भए सब जग जाना ॥
    <br />
    जुग सहस्त्र जोजन पर भानू । लील्यो ताहि मधुर फल जानू ॥
    <br />
    प्रभु मुद्रिका मेलि मुख माहीं । जलधि लाँघि गये अचरज नाहीं॥
    <br />
    दुर्गम काज जगत के जेते । सुगम अनुग्रह तुम्हरे तेते ॥
    <br />
    राम दुआरे तुम रखवारे । होत न आज्ञा बिनु पैसारे ॥
    <br />
    सब सुख लहै तुम्हारी सरना । तुम रच्छक काहू को डर ना ॥
    <br />
    आपन तेज सम्हारो आपै । तीनों लोक हाँक तें काँपै ॥
    <br />
    भूत पिसाच निकट नहिँ आवै । महाबीर जब नाम सुनावै ॥
    <br />
    नासै रोग हरै सब पीरा । जपत निरंतर हनुमत बीरा ॥
    <br />
    संकट तें हनुमान छुडावै । मन क्रम बचन ध्यान जो लावै॥
    <br />
    सब पर राम तपस्वी राजा । तिन के काज सकल तुम साजा ॥
    <br />
    और मनोरथ जो कोइ लावै । सोइ अमित जीवन फल पावै ॥
    <br />
    चारों जुग परताप तुम्हारा । है परसिद्ध जगत उजियारा ॥
    <br />
    साधु संत के तुम रखवारे । असुर निकंदन राम दुलारे ॥
    <br />
    अष्ट सिद्धि नौ निधि के दाता । अस बर दीन जानकी माता ॥
    <br />
    राम रसायन तुम्हरे पासा । सदा रहो रघुपति के दासा ॥
    <br />
    तुम्हरे भजन राम को पावै । जनम जनम के दुख बिसरावै ॥
    <br />
    अंत काल रघुबर पुर जाई । जहाँ जन्म हरि-भक्त कहाई ॥
    <br />
    और देवता चित्त न धरई । हनुमत सेंइ सर्ब सुख करई ॥
    <br />
    संकट कटै मिटै सब पीरा । जो सुमिरै हनुमत बलबीरा ॥
    <br />
    जै जै जै हनुमान गोसाईं । कृपा करहु गुरु देव की नाईं ॥
    <br />
    जो सत बर पाठ कर कोई । छूटहि बंदि महा सुख होई ॥
    <br />
    जो यह पढ़ै हनुमान चलीसा । होय सिद्धि साखी गौरीसा ॥
    <br />
    तुलसीदास सदा हरि चेरा । कीजै नाथ हृदय महँ डेरा ॥
    <br />
    <br />
    दोहा
    <br />
    पवनतनय संकट हरन, मंगल मूरति रूप ।
    <br />
    राम लषन सीता सहित,हृदय बसहु सुर भूप ॥
    <br />
  </p>
</NavigationBar>
`;

exports[`Aarti renders properly 16`] = `
<NavigationBar>
  <h1>
    कृष्णा
     
    चालीसा
  </h1>
  <br />
  <p>
    वंशी शोभित कर मधुर, नील जलद तन श्याम ।
    <br />
    अरूण अधर जनु बिम्ब फल, नयन कमल अभिराम ॥
    <br />
    पूर्ण इन्दु अरविन्द मुख, पीताम्बर शुभ साज ।
    <br />
    जय मन्मोहन मदन छवि, कृष्ण चन्द्र महाराज ॥
    <br />
    ॥ चौपाई ॥
    <br />
    <br />
    जय यदुनन्दन जय जगवन्दन ।
    <br />
    जय वसुदेव देवकी नन्दन ॥
    <br />
    जय यसुदा सुत नन्द दुलारे ।
    <br />
    जय प्रभु भक्तन के दृग तारे ॥
    <br />
    जय नटनागर नाथ नथइया ।
    <br />
    कृष्ण कन्हैया धेनु चरइया ॥
    <br />
    पुनि नख पर प्रभु गिरिवर धारो ।
    <br />
    आओ दीनन कष्ट निवारो ॥
    <br />
    वंशी मधुर अधर धरि टेरी ।
    <br />
    होवे पूर्ण विनय यह मेरी ॥
    <br />
    आओ हरि पुनि माखन चाखो ।
    <br />
    आज लाज भारत की राखो ॥
    <br />
    गोल कपोल चिबुक अरूणारे ।
    <br />
    मृदु मुस्कान मोहिनी डारे ॥
    <br />
    रंजित राजिव नयन विशाला ।
    <br />
    मोर मुकुट बैजन्ती माला ॥
    <br />
    कुण्डल श्रवण पीतपट आछे ।
    <br />
    कटि किंकणी काछन काछे ॥
    <br />
    नील जलज सुन्दर तनु सोहै ।
    <br />
    छवि लखि सुर नर मुनि मन मोहै ॥
    <br />
    मस्तक तिलक अलक घुंघराले ।
    <br />
    आओ कृष्ण बांसुरी वाले ॥
    <br />
    करि पय पान, पूतनहिं तारयो ।
    <br />
    अका बका कागा सुर मारयो ॥
    <br />
    मधुवन जलत अगिन जब ज्वाला ।
    <br />
    भै सीतल,लखतहिं नन्दलाला ॥
    <br />
    सुरपति जब ब्रज चढ़यो रिसाई ।
    <br />
    मूसर धार वारि वर्षाई ॥
    <br />
    लखत-लखत ब्रज चहन बहायो ।
    <br />
    गोवर्धन नख धारि बचायो ॥
    <br />
    लखि यसुदामन भ्रम अधिकाई ।
    <br />
    मुख महं चौदह भुवन दिखाई ॥
    <br />
    दुष्ट कंस अति उधम मचायो ।
    <br />
    कोटि कमल जब फूल मंगायो ॥
    <br />
    नाथि कालियहिं तब तुम लीन्हें ।
    <br />
    चरण चिन्ह दे निर्भय कीन्हें ॥
    <br />
    करि गोपिन संग रास विलासा ।
    <br />
    सबकी पूरण करि अभिलाषा ॥
    <br />
    केतिक महा असुर संहार्यो ।
    <br />
    कंसहि केस पकड़ि दै मार्यो ॥
    <br />
    मात-पिता की बन्दि छुड़ाई ।
    <br />
    उग्रसेन कहं राज दिलाई ॥
    <br />
    महि से मृतक छहों सुत लायो ।
    <br />
    मातु देवकी शोक मिटायो ॥
    <br />
    भौमासुर मुर दैत्य संहारी ।
    <br />
    लाए षट् दस सहस कुमारी ॥
    <br />
    दे भीमहिं तृणचीर इशारा ।
    <br />
    जरासंघ राक्षस कहं मारा ॥
    <br />
    असुर बकासुर आदिक मार्यो ।
    <br />
    भक्तन के तब कष्ट निवार्यो ॥
    <br />
    दीन सुदामा के दुःख टार्यो ।
    <br />
    तंदुल तीन मूठि मुख डार्यो ॥
    <br />
    प्रेम के साग विदुर घर मांगे ।
    <br />
    दुर्योधन के मेवा त्यागे ॥
    <br />
    लखी प्रेम की महिमा भारी ।
    <br />
    ऐसे श्याम दीन हितकारी ॥
    <br />
    भारत में पारथ रथ हांके ।
    <br />
    लिए चक्र कर नहिं बल थांके ॥
    <br />
    निज गीता के ज्ञान सुनाए ।
    <br />
    भक्तन हृदय सुधा वर्षाए ॥
    <br />
    मीरा थी ऐसी मतवाली ।
    <br />
    विष पी गई बजा कर ताली ॥
    <br />
    राणा भेजा सांप पिटारी ।
    <br />
    शालिग्राम बने बनवारी ॥
    <br />
    निज माया तुम विधिहिं दिखायो ।
    <br />
    उर ते संशय सकल मिटायो ॥
    <br />
    तव शत निन्दा करि तत्काला ।
    <br />
    जीवन मुक्त भयो शिशुपाला ॥
    <br />
    जबहिं द्रोपदी टेर लगाई ।
    <br />
    दीनानाथ लाज अब जाई ॥
    <br />
    तुरतहिं बसन बने नन्दलाला ।
    <br />
    बढ़े चीर भए अरि मुंह काला ॥
    <br />
    अस अनाथ के नाथ कन्हैया ।
    <br />
    डूबत भंवर बचावत नइया ॥
    <br />
    सुन्दरदास आस उर धारी ।
    <br />
    दयादृष्टि कीजै बनवारी ॥
    <br />
    नाथ सकल मम कुमति निवारो ।
    <br />
    क्षमहु बेगि अपराध हमारो ॥
    <br />
    खोलो पट अब दर्शन दीजै ।
    <br />
    बोलो कृष्ण कन्हैया की जै ॥
    <br />
    ॥ दोहा ॥
    <br />
    <br />
    यह चालीसा कृष्ण का, पाठ करे धारि ।
    <br />
    अष्टसिद्धि नवनिद्धि फल, लहै पदारथ चारि ॥
    <br />
  </p>
</NavigationBar>
`;

exports[`Aarti renders properly 17`] = `
<NavigationBar>
  <h1>
    लक्ष्मी
     
    चालीसा
  </h1>
  <br />
  <p>
    ॥ दोहा ॥
    <br />
    <br />
    मातु लक्ष्मी करि कृपा, करो हृदय में बास ।
    <br />
    मनोकामना सिद्ध करि, पुरवहु मेरी आस ॥
    <br />
    ॥ सोरठा ॥
    <br />
    <br />
    यही मोर अरदास, हाथ जोद विनती करूं ।
    <br />
    सब विधि करौ सुपास, जय जननी जगदम्बिका ॥
    <br />
    सिन्धु सुता मैं सुमिरौं तोही । ज्ञान बुद्धि विद्या दो मोही ॥
    <br />
    तुम समान नहिं कोउ उपकारी । सब विधि पुरवहु आस हमारी ॥
    <br />
    जै जै जै जननी जगदम्बा । सबकी तुम ही हो अवलम्बा ॥
    <br />
    तुम ही हो घट घट की वासी । विनती यही हमारी खासी ॥
    <br />
    जग जननी जय सिन्धु कुमारी । दीनन की तुम हो हितकारी ॥
    <br />
    विनवौं नित्य तुमहिं महरानी । कृपा करौ जग जननि भवानी ॥
    <br />
    केहि विधि स्तुति करौं तिहारी । सुधि लीजै अपराध बिसारी ॥
    <br />
    कृपा दृष्टि चितवौ मम ओरी । जग जननी विनती मोरी ॥
    <br />
    ज्ञान बुद्धि जय सुख की दाता । संकट हरो हमारी माता ॥
    <br />
    क्षीर सिन्धु जब विष्णु मथायो । चौदह रत्न सिन्धु में पायो ॥
    <br />
    चौदह रत्न में तुम सुख्ररासी । सेवा कियो प्रभू बन दासी ॥
    <br />
    जब जब जन्म जहां प्रभु लीन्हा । रूप बदल तहं सेवा कीन्हा ॥
    <br />
    स्वयं विष्णु जब नर तनु धारा । लीन्हेउ अवधपुरी अवतारा ॥
    <br />
    तब तुम प्रगट जनक्पुर माहीं । सेवा कियो हृदय पुलकाहीं ॥
    <br />
    अपनाया तोहि अन्तर्यामी । विश्वविदित त्रिभुवन की स्वामी ॥
    <br />
    तुम सम प्रबल शक्ति नहिं आनी । कहंलौ महिमा कहौं बखानी ॥
    <br />
    मन क्रम वचन करै सेवकाई । मन इच्छित वांछित फल पाई ॥
    <br />
    तजि छल कपट और चतुराई । पूजहिं विविध भांति मन लाई ॥
    <br />
    और हाल मैं कहौं बिझाई । जो यह पाठ करै मन लाई ॥
    <br />
    ताको कोई कष्ट न होई । मन इच्छित पावै फल सोई ॥
    <br />
    त्राहि त्राहि जय दुःख निवारिणि । त्रिविध ताप भव बंधन हारिणि ॥
    <br />
    जो यह पढ़े और पढ़ावै । ध्यान लगाकर सुनै सुनावै ॥
    <br />
    ताको कोइ न रोग सतावै । पुत्रादिक धन सम्पति पावै ॥
    <br />
    पुत्रहीन अरू संपतिहीना । अन्ध बधिर कोढ़ी अति दीना ॥
    <br />
    विप्र बोलाय कै पाठ करावै । शंका दिल में कभी न लावै ॥
    <br />
    पाठ करावै दिन चालीसा । ता पर कृपा करैं गौरीशा ॥
    <br />
    सुख सम्पत्ति बहुत सी पावै । कमी नहीं काहू की आवै ॥
    <br />
    बारह मास करै जो पूजा । तेहि सम धन्य और नहिं दूजा ॥
    <br />
    प्रतिदिन पाठ करै मन माहीं । उन सम कोउ जग में कहुं नाहीं ॥
    <br />
    बहुविधि क्या मैं करौं बड़ाई । लेय परीक्षा ध्यान लगाई ॥
    <br />
    करि विश्वास करै व्रत नेमा । होय सिद्ध उपजै उर प्रेमा ॥
    <br />
    जय जय जय लक्ष्मी भवानी । सब में व्यापित हो गुण खानी ॥
    <br />
    तुम्हरो तेज प्रबल जग माहीं । तुम सम कोउ दयालु कहुं नाहीं ॥
    <br />
    मोहिं अनाथ की सुधि अब लीजै । संकट काटि भक्ति मोहिं दीजै ॥
    <br />
    भूल चूक करि क्षमा हमारी । दर्शन दीजै दशा निहारी ॥
    <br />
    बिन दर्शन व्याकुल अधिकारी । तुमहिं अक्षत दुःख सहते भारी ॥
    <br />
    नहिं मोहिं ज्ञान बुद्धि है तन में । सब जानत हो अपने मन में ॥
    <br />
    रूप चतुर्भुज करके धारण । कष्ट मोर अब करहु निवारण ॥
    <br />
    केहि प्रकार मैं करौं बड़ाई । ज्ञान बुद्धि मोहिं नहिं अधिकाई ॥
    <br />
    ॥ दोहा ॥
    <br />
    <br />
    त्राहि-त्राहि दुःख हारिणी, हरो बेगि सब त्रास ।॥
    <br />
    जयति-जयति जय लक्ष्मी, करो शत्रु का नाश ॥
    <br />
  </p>
</NavigationBar>
`;

exports[`Aarti renders properly 18`] = `
<NavigationBar>
  <h1>
    महा काली
     
    चालीसा
  </h1>
  <br />
  <p>
    ॥ दोहा ॥
    <br />
    जयकाली कलिमलहरण, महिमा अगम अपार ।
    <br />
    महिष मर्दिनी कालिका , देहु अभय अपार ॥
    <br />
    चौपाई
    <br />
    अरि मद मान मिटावन हारी । मुण्डमाल गल सोहत प्यारी ॥
    <br />
    अष्टभुजी सुखदायक माता । दुष्टदलन जग में विख्याता ॥
    <br />
    भाल विशाल मुकुट छवि छाजै । कर में शीश शत्रु का साजै ॥
    <br />
    दूजे हाथ लिए मधु प्याला । हाथ तीसरे सोहत भाला ॥
    <br />
    चौथे खप्पर खड्ग कर पांचे । छठे त्रिशूल शत्रु बल जांचे ॥
    <br />
    सप्तम करदमकत असि प्यारी । शोभा अद्भुत मात तुम्हारी ॥
    <br />
    अष्टम कर भक्तन वर दाता । जग मनहरण रूप ये माता ॥
    <br />
    भक्तन में अनुरक्त भवानी । निशदिन रटें ॠषी-मुनि ज्ञानी ॥
    <br />
    महशक्ति अति प्रबल पुनीता । तू ही काली तू ही सीता ॥
    <br />
    पतित तारिणी हे जग पालक । कल्याणी पापी कुल घालक ॥
    <br />
    शेष सुरेश न पावत पारा । गौरी रूप धर्यो इक बारा ॥
    <br />
    तुम समान दाता नहिं दूजा । विधिवत करें भक्तजन पूजा ॥
    <br />
    रूप भयंकर जब तुम धारा । दुष्टदलन कीन्हेहु संहारा ॥
    <br />
    नाम अनेकन मात तुम्हारे । भक्तजनों के संकट टारे ॥
    <br />
    कलि के कष्ट कलेशन हरनी । भव भय मोचन मंगल करनी ॥
    <br />
    महिमा अगम वेद यश गावैं । नारद शारद पार न पावैं ॥
    <br />
    भू पर भार बढ्यौ जब भारी । तब तब तुम प्रकटीं महतारी ॥
    <br />
    आदि अनादि अभय वरदाता । विश्वविदित भव संकट त्राता ॥
    <br />
    कुसमय नाम तुम्हारौ लीन्हा । उसको सदा अभय वर दीन्हा ॥
    <br />
    ध्यान धरें श्रुति शेष सुरेशा । काल रूप लखि तुमरो भेषा ॥
    <br />
    कलुआ भैंरों संग तुम्हारे । अरि हित रूप भयानक धारे ॥
    <br />
    सेवक लांगुर रहत अगारी । चौसठ जोगन आज्ञाकारी ॥
    <br />
    त्रेता में रघुवर हित आई । दशकंधर की सैन नसाई ॥
    <br />
    खेला रण का खेल निराला । भरा मांस-मज्जा से प्याला ॥
    <br />
    रौद्र रूप लखि दानव भागे । कियौ गवन भवन निज त्यागे ॥
    <br />
    तब ऐसौ तामस चढ़ आयो । स्वजन विजन को भेद भुलायो ॥
    <br />
    ये बालक लखि शंकर आए । राह रोक चरनन में धाए ॥
    <br />
    तब मुख जीभ निकर जो आई । यही रूप प्रचलित है माई ॥
    <br />
    बाढ्यो महिषासुर मद भारी । पीड़ित किए सकल नर-नारी ॥
    <br />
    करूण पुकार सुनी भक्तन की । पीर मिटावन हित जन-जन की ॥
    <br />
    तब प्रगटी निज सैन समेता । नाम पड़ा मां महिष विजेता ॥
    <br />
    शुंभ निशुंभ हने छन माहीं । तुम सम जग दूसर कोउ नाहीं ॥
    <br />
    मान मथनहारी खल दल के । सदा सहायक भक्त विकल के ॥
    <br />
    दीन विहीन करैं नित सेवा । पावैं मनवांछित फल मेवा ॥
    <br />
    संकट में जो सुमिरन करहीं । उनके कष्ट मातु तुम हरहीं ॥
    <br />
    प्रेम सहित जो कीरति गावैं । भव बन्धन सों मुक्ती पावैं ॥
    <br />
    काली चालीसा जो पढ़हीं । स्वर्गलोक बिनु बंधन चढ़हीं ॥
    <br />
    दया दृष्टि हेरौ जगदम्बा । केहि कारण मां कियौ विलम्बा ॥
    <br />
    करहु मातु भक्तन रखवाली । जयति जयति काली कंकाली ॥
    <br />
    सेवक दीन अनाथ अनारी । भक्तिभाव युति शरण तुम्हारी ॥
    <br />
    ॥ दोहा ॥
    <br />
    प्रेम सहित जो करे, काली चालीसा पाठ ।
    <br />
    तिनकी पूरन कामना, होय सकल जग ठाठ ॥
    <br />
  </p>
</NavigationBar>
`;

exports[`Aarti renders properly 19`] = `
<NavigationBar>
  <h1>
    राम
     
    चालीसा
  </h1>
  <br />
  <p>
    गणपति चरण सरोज गहि । चरणोदक धरि भाल ।।
    <br />
    लिखौं विमल रामावली । सुमिरि अंजनीलाल ।।
    <br />
    राम चरित वर्णन करौं । रामहिं हृदय मनाई ।।
    <br />
    मदन कदन रत राखि सिर । मन कहँ ताप मिटाई ।।
    <br />
    राम रमापति रघुपति जै जै । महा लोकपति जगपति जै जै ।।
    <br />
    राजित जनक दुलारी जै जै । महिनन्दिनी प्रभु प्यारी जै जै ।।
    <br />
    रातिहुं दिवस राम धुन जाहीं । मगन रहत मन तन दुख नाहीं ।।
    <br />
    राम सनेह जासु उर होई । महा भाग्यशाली नर सोई ।।
    <br />
    राक्षस दल संहारी जै जै । महा पतित तनु तारी जै जै ।।
    <br />
    राम नाम जो निशदिन गावत । मन वांछित फल निश्चय पावत ।।
    <br />
    रामयुधसर जेहिं कर साजत । मन मनोज लखि कोटिहुं लाजत ।।
    <br />
    राखहु लाज हमारी जै जै । महिमा अगम तुम्हारी जै जै ।।
    <br />
    राजीव नयन मुनिन मन मोहै । मुकुट मनोहर सिर पर सोहै ।।
    <br />
    राजित मृदुल गात शुचि आनन । मकराकृत कुण्डल दुहुँ कानन ।।
    <br />
    रामचन्द्र सर्वोत्तम जै जै । मर्यादा पुरुषोत्तम जै जै ।।
    <br />
    राम नाम गुण अगन अनन्ता । मनन करत शारद श्रुति सन्ता ।।
    <br />
    राति दिवस ध्यावहु मन रामा । मन रंजन भंजन भव दामा ।।
    <br />
    राज भवन संग में नहीं जैहें । मन के ही मन में रहि जैहें ।।
    <br />
    रामहिं नाम अन्त सुख दैहें । मन गढ़न्त गप काम न ऐहें ।।
    <br />
    राम कहानी रामहिं सुनिहें । महिमा राम तबै मन गुनिहें ।।
    <br />
    रामहि महँ जो नित चित राखिहें । मधुकर सरिस मधुर रस चाखिहें ।।
    <br />
    राग रंग कहुँ कीर्तन ठानिहें । मम्ता त्यागि एक रस जानिहें ।।
    <br />
    .राम कृपा तिन्हीं पर होईहें । मन वांछित फल अभिमत पैहें ।।
    <br />
    राक्षस दमन कियो जो क्षण में । महा बह्नि बनि विचर्यो वन में ।।
    <br />
    रावणादि हति गति दै दिन्हों । महिरावणहिं सियहित वध कीन्हों ।।
    <br />
    राम बाण सुत सुरसरिधारा । महापातकिहुँ गति दै डारा ।।
    <br />
    राम रमित जग अमित अनन्ता । महिमा कहि न सकहिं श्रुति सन्ता ।।
    <br />
    राम नाम जोई देत भुलाई । महा निशा सोइ लेत बुलाई ।।
    <br />
    राम बिना उर होत अंधेरा । मन सोही दुख सहत घनेरा ।।
    <br />
    रामहि आदि अनादि कहावत । महाव्रती शंकर गुण गावत ।।
    <br />
    राम नाम लोहि ब्रह्म अपारा । महिकर भार शेष सिर धारा ।।
    <br />
    राखि राम हिय शम्भु सुजाना । महा घोर विष किन्ह्यो पाना ।।
    <br />
    रामहि महि लखि लेख महेशु । महा पूज्य करि दियो गणेशु ।।
    <br />
    राम रमित रस घटित भक्त्ति घट । मन के भजतहिं खुलत प्रेम पट ।।
    <br />
    राजित राम जिनहिं उर अन्तर । महावीर सम भक्त्त निरन्तर ।।
    <br />
    रामहि लेवत एक सहारा । महासिन्धु कपि कीन्हेसि पारा ।।
    <br />
    राम नाम रसना रस शोभा । मर्दन काम क्रोध मद लोभा ।।
    <br />
    राम चरित भजि भयो सुज्ञाता । महादेव मुक्त्ति के दाता ।।
    <br />
    रामहि जपत मिटत भव शूला । राममंत्र यह मंगलमूला ।।
    <br />
    राम नाम जपि जो न सुधारा । मन पिशाच सो निपट गंवारा ।।
    <br />
    राम की महिमा कहँ लग गाऊँ । मति मलिन मन पार न पाऊँ ।।
    <br />
    रामावली उस लिखि चालीसा । मति अनुसार ध्यान गौरीसा ।।
    <br />
    रामहि सुन्दर रचि रस पागा । मठ दुर्वासा निकट प्रयागा ।।
    <br />
    रामभक्त्त यहि जो नित ध्यावहिं । मनवांछित फल निश्चय पावहिं ।।
    <br />
    राम नाम नित भजहु मन । रातिहुँ दिन चित लाई ।।
    <br />
    मम्ता मत्सर मलिनता । मनस्ताप मिटि जाई ।।
    <br />
    राम का तिथि बुध रोहिणी । रामावली किया भास ।।
    <br />
    मान सहस्त्र भजु दृग समेत । मगसर सुन्दरदास ।।
    <br />
  </p>
</NavigationBar>
`;

exports[`Aarti renders properly 20`] = `
<NavigationBar>
  <h1>
    साई बाबा
     
    चालीसा
  </h1>
  <br />
  <p>
    पहले साईं के चरणों में, अपना शीश नमाऊं मैं ।
    <br />
    कैसे शिर्डी साईं आए, सारा हाल सुनाऊं मैं ॥
    <br />
    कौन हैं माता, पिता कौन हैं, यह न किसी ने भी जाना ।
    <br />
    कहां जनम साईं ने धारा, प्रश्न पहेली रहा बना ॥
    <br />
    कोई कहे अयोध्या के ये, रामचन्द्र भगवान हैं ।
    <br />
    कोई कहता साईंबाबा, पवन-पुत्र हनुमान हैं ॥
    <br />
    कोई कहता मंगल मूर्ति, श्री गजानन हैं साईं ।
    <br />
    कोई कहता गोकुल-मोहन, देवकी नन्दन हैं साईं ॥
    <br />
    शंकर समझ भक्त कई तो, बाबा को भजते रहते ।
    <br />
    कोई कह अवतार दत्त का, पूजा साईं की करते ॥
    <br />
    कुछ भी मानो उनको तुम, पर साईं हैं सच्चे भगवान ।
    <br />
    बड़े दयालु, दीनबन्धु, कितनों को दिया है जीवन दान ॥
    <br />
    कई वर्ष पहले की घटना, तुम्हें सुनाऊंगा मैं बात ।
    <br />
    किसी भाग्यशाली की, शिर्डी में आई थी बारात ॥
    <br />
    आया साथ उसी के था, बालक एक बहुत सुन्दर ।
    <br />
    आया, आकर वहीं बस गया, पावन शिर्डी किया नगर ॥
    <br />
    कई दिनों तक रहा भटकता, भिक्षा मांगी उसने दर-दर ।
    <br />
    और दिखाई ऐसी लीला, जग में जो हो गई अमर ॥
    <br />
    जैसे-जैसे उमर बढ़ी, वैसे ही बढ़ती गई शान ।
    <br />
    घर-घर होने लगा नगर में, साईं बाबा का गुणगान ॥
    <br />
    दिग्-दिगन्त में लगा गूंजने, फिर तो साईंजी का नाम ।
    <br />
    दीन-दुखी की रक्षा करना, यही रहा बाबा का काम ॥
    <br />
    बाबा के चरणों में जाकर, जो कहता मैं हूं निर्धन ।
    <br />
    दया उसी पर होती उनकी, खुल जाते दु:ख के बन्धन ॥
    <br />
    कभी किसी ने मांगी भिक्षा, दो बाबा मुझको सन्तान ।
    <br />
    एवं अस्तु तब कहकर साईं, देते थे उसको वरदान ॥
    <br />
    स्वयं दु:खी बाबा हो जाते, दीन-दुखी जन का लख हाल ।
    <br />
    अन्त: करण श्री साईं का, सागर जैसा रहा विशाल ॥
    <br />
    भक्त एक मद्रासी आया, घर का बहुत बड़ा धनवान ।
    <br />
    माल खजाना बेहद उसका, केवल नहीं रही सन्तान ॥
    <br />
    लगा मनाने साईं नाथ को, बाबा मुझ पर दया करो ।
    <br />
    झंझा से झंकृत नैया को, तुम ही मेरी पार करो ॥
    <br />
    कुलदीपक के अभाव में, व्यर्थ है दौलत की माया ।
    <br />
    आज भिखारी बन कर बाबा, शरण तुम्हारी मैं आया ॥
    <br />
    दे दो मुझको पुत्र दान, मैं ॠणी रहूंगा जीवन भर ।
    <br />
    और किसी की आस न मुझको, सिर्फ़ भरोसा है तुम पर ॥
    <br />
    अनुनय-विनय बहुत की उसने, चरणों में धर के शीश ।
    <br />
    तब प्रसन्न होकर बाबा ने, दिया भक्त को यह आशीष ॥
    <br />
    'अल्लाह भला करेगा तेरा', पुत्र जन्म हो तेरे घर ।
    <br />
    कृपा होगी तुम पर उसकी, और तेरे उस बालक पर ॥
    <br />
    अब तक नही किसी ने पाया, साईं की कृपा का पार ।
    <br />
    पुत्र रत्न दे मद्रासी को, धन्य किया उसका संसार ॥
    <br />
    तन-मन से जो भजे उसी का, जग में होता है उद्धार ।
    <br />
    सांच को आंच नहीं है कोई, सदा झूठ की होती हार ॥
    <br />
    मैं हूं सदा सहारे उसके, सदा रहूंगा उसका दास ।
    <br />
    साईं जैसा प्रभु मिला है, इतनी ही कम है क्या आस ॥
    <br />
    मेरा भी दिन था इक ऐसा, मिलती नहीं मुझे थी रोटी ।
    <br />
    तन पर कपड़ा दूर रहा था, शेष रही नन्हीं सी लंगोटी ॥
    <br />
    सरिता सन्मुख होने पर भी मैं प्यासा का प्यासा था ।
    <br />
    दुर्दिन मेरा मेरे ऊपर, दावाग्नि बरसाता था ॥
    <br />
    धरती के अतिरिक्त जगत में, मेरा कुछ अवलम्ब न था ।
    <br />
    बना भिखारी मैं दुनिया में, दर-दर ठोकर खाता था ॥
    <br />
    ऐसे में इक मित्र मिला जो, परम भक्त साईं का था ।
    <br />
    जंजालों से मुक्त मगर इस, जगती में वह मुझ-सा था ॥
    <br />
    बाबा के दर्शन की खातिर, मिल दोनों ने किया विचार ।
    <br />
    साईं जैसे दया-मूर्ति के, दर्शन को हो गए तैयार ॥
    <br />
    पावन शिर्डी नगरी में जाकर, देखी मतवाली मूर्ति ।
    <br />
    धन्य जन्म हो गया कि हमने, जब देखी साईं की सूरति ॥
    <br />
    जबसे किए हैं दर्शन हमने, दु:ख सारा काफूर हो गया ।
    <br />
    संकट सारे मिटे और, विपदाओं का अन्त हो गया ॥
    <br />
    मान और सम्मान मिला, भिक्षा में हमको बाबा से ।
    <br />
    प्रतिबिम्बित हो उठे जगत में, हम साईं की आभा से ॥
    <br />
    बाबा ने सम्मान दिया है, मान दिया इस जीवन में ।
    <br />
    इसका ही सम्बल ले मैं, हंसता जाऊंगा जीवन में ॥
    <br />
    साईं की लीला का मेरे, मन पर ऐसा असर हुआ ।
    <br />
    लगता जगती के कण-कण में, जैसे हो वह भरा हुआ ॥
    <br />
    "काशीराम" बाबा का भक्त, इस शिर्डी में रहता था ।
    <br />
    मैं साईं का साईं मेरा, वह दुनिया से कहता था ॥
    <br />
    सीकर स्वयं वस्त्र बेचता, ग्राम नगर बाजारों में ।
    <br />
    झंकृत उसकी हृद तन्त्री थी, साईं की झंकारों में ॥
    <br />
    स्तब्ध निशा थी, थे सोये, रजनी आंचल में चांद-सितारे ।
    <br />
    नहीं सूझता रहा हाथ को हाथ तिमिर के मारे ॥
    <br />
    वस्त्र बेचकर लौट रहा था, हाय! हाट से "काशी" ।
    <br />
    विचित्र बड़ा संयोग कि उस दिन, आता था वह एकाकी ॥
    <br />
    घेर राह में खड़े हो गए, उसे कुटिल, अन्यायी ।
    <br />
    मारो काटो लूटो इस की ही ध्वनि पड़ी सुनाई ॥
    <br />
    लूट पीट कर उसे वहां से, कुटिल गये चम्पत हो ।
    <br />
    आघातों से ,मर्माहत हो, उसने दी संज्ञा खो ॥
    <br />
    बहुत देर तक पड़ा रहा वह, वहीं उसी हालत में ।
    <br />
    जाने कब कुछ होश हो उठा, उसको किसी पलक में ॥
    <br />
    अनजाने ही उसके मुंह से, निकल पड़ा था साईं ।
    <br />
    जिसकी प्रतिध्वनि शिर्डी में, बाबा को पड़ी सुनाई ॥
    <br />
    क्षुब्ध उठा हो मानस उनका, बाबा गए विकल हो ।
    <br />
    लगता जैसे घटना सारी, घटी उन्हीं के सम्मुख हो ॥
    <br />
    उन्मादी से इधर-उधर, तब बाबा लगे भटकने ।
    <br />
    सम्मुख चीजें जो भी आईं, उनको लगे पटकने ॥
    <br />
    और धधकते अंगारों में, बाबा ने अपना कर डाला ।
    <br />
    हुए सशंकित सभी वहां, लख ताण्डव नृत्य निराला ॥
    <br />
    समझ गए सब लोग कि कोई, भक्त पड़ा संकट में ।
    <br />
    क्षुभित खड़े थे सभी वहां पर, पड़े हुए विस्मय में ॥
    <br />
    उसे बचाने के ही खातिर, बाबा आज विकल हैं ।
    <br />
    उसकी ही पीड़ा से पीड़ित, उनका अन्त:स्थल है ॥
    <br />
    इतने में ही विधि ने अपनी, विचित्रता दिखलाई ।
    <br />
    लख कर जिसको जनता की, श्रद्धा-सरिता लहराई ॥
    <br />
    लेकर कर संज्ञाहीन भक्त को, गाड़ी एक वहां आई ।
    <br />
    सम्मुख अपने देख भक्त को, साईं की आंखें भर आईं ॥
    <br />
    शान्त, धीर, गम्भीर सिन्धु-सा, बाबा का अन्त:स्थल ।
    <br />
    आज न जाने क्यों रह-रह कर, हो जाता था चंचल ॥
    <br />
    आज दया की मूर्ति स्वयं था, बना हुआ उपचारी ।
    <br />
    और भक्त के लिए आज था, देव बना प्रतिहारी ॥
    <br />
    आज भक्ति की विषम परीक्षा में, सफल हुआ था “काशी” ।
    <br />
    उसके ही दर्शन के खातिर, थे उमड़े नगर-निवासी ॥
    <br />
    जब भी और जहां भी कोई, भक्त पड़े संकट में ।
    <br />
    उसकी रक्षा करने बाबा, आते हैं पलभर में ॥
    <br />
    युग-युग का है सत्य यह, नहीं कोई नई कहानी ।
    <br />
    आपातग्रस्त भक्त जब होता, आते खुद अन्तर्यामी ॥
    <br />
    भेद-भाव से परे पुजारी, मानवता के थे साईं ।
    <br />
    जितने प्यारे हिन्दु-मुस्लिम, उतने ही थे सिक्ख ईसाई ॥
    <br />
    भेद-भाव मन्दिर-मस्जिद का, तोड़-फोड़ बाबा ने डाला ।
    <br />
    राम-रहीम सभी उनके थे, कृष्ण-करीम-अल्लाहताला ॥
    <br />
    घण्टे की प्रतिध्वनि से गूंजा, मस्जिद का कोना-कोना ।
    <br />
    मिले परस्पर हिन्दू-मुस्लिम, प्यार बढ़ा दिन-दिन दूना ॥
    <br />
    चमत्कार था कितना सुंदर, परिचय इस काया ने दी ।
    <br />
    और नीम कडुवाहट में भी, मिठास बाबा ने भर दी ॥
    <br />
    सबको स्नेह दिया साईं ने, सबको सन्तुल प्यार किया ।
    <br />
    जो कुछ जिसने भी चाहा, बाबा ने उनको वही दिया ॥
    <br />
    ऐसे स्नेह शील भाजन का, नाम सदा जो जपा करे ।
    <br />
    पर्वत जैसा दु:ख न क्यों हो, पलभर में वह दूर टरे ॥
    <br />
    साईं जैसा दाता हमने, अरे नहीं देखा कोई ।
    <br />
    जिसके केवल दर्शन से ही, सारी विपदा दूर हो गई ॥
    <br />
    तन में साईं, मन में साईं, साईं-साईं भजा करो ।
    <br />
    अपने तन की सुधि-बुधि खोकर, सुधि उसकी तुम किया करो ॥
    <br />
    जब तू अपनी सुधि तज, बाबा की सुधि किया करेगा ।
    <br />
    और रात-दिन बाबा, बाबा ही तू रटा करेगा ॥
    <br />
    तो बाबा को अरे! विवश हो, सुधि तेरी लेनी ही होगी ।
    <br />
    तेरी हर इच्छा बाबा को, पूरी ही करनी होगी ॥
    <br />
    जंगल-जंगल भटक न पागल, और ढूंढ़ने बाबा को ।
    <br />
    एक जगह केवल शिर्डी में, तू पायेगा बाबा को ॥
    <br />
    धन्य जगत में प्राणी है वह, जिसने बाबा को पाया ।
    <br />
    दु:ख में सुख में प्रहर आठ हो, साईं का ही गुण गाया ॥
    <br />
    गिरें संकटों के पर्वत, चाहे बिजली ही टूट पड़े ।
    <br />
    साईं का ले नाम सदा तुम, सम्मुख सब के रहो अड़े ॥
    <br />
    इस बूढ़े की करामात सुन, तुम हो जाओगे हैरान ।
    <br />
    दंग रह गये सुनकर जिसको, जाने कितने चतुर सुजान ॥
    <br />
    एक बार शिर्डी में साधू, ढ़ोंगी था कोई आया ।
    <br />
    भोली-भाली नगर-निवासी, जनता को था भरमाया ॥
    <br />
    जड़ी-बूटियां उन्हें दिखाकर, करने लगा वहां भाषण ।
    <br />
    कहने लगा सुनो श्रोतागण, घर मेरा है वृन्दावन ॥
    <br />
    औषधि मेरे पास एक है, और अजब इसमें शक्ति ।
    <br />
    इसके सेवन करने से ही, हो जाती दु:ख से मुक्ति ॥
    <br />
    अगर मुक्त होना चाहो तुम, संकट से बीमारी से ।
    <br />
    तो है मेरा नम्र निवेदन, हर नर से हर नारी से ॥
    <br />
    लो खरीद तुम इसको इसकी, सेवन विधियां हैं न्यारी ।
    <br />
    यद्यपि तुच्छ वस्तु है यह, गुण उसके हैं अति भारी ॥
    <br />
    जो है संतति हीन यहां यदि, मेरी औषधि को खायें ।
    <br />
    पुत्र-रत्न हो प्राप्त, अरे वह मुंह मांगा फल पायें ॥
    <br />
    औषधि मेरी जो न खरीदे, जीवन भर पछतायेगा ।
    <br />
    मुझ जैसा प्राणी शायद ही, अरे यहां आ पायेगा ॥
    <br />
    दुनियां दो दिन का मेला है, मौज शौक तुम भी कर लो ।
    <br />
    गर इससे मिलता है, सब कुछ, तुम भी इसको ले लो ॥
    <br />
    हैरानी बढ़ती जनता की, लख इसकी कारस्तानी ।
    <br />
    प्रमुदित वह भी मन ही मन था, लख लोगो की नादानी ॥
    <br />
    खबर सुनाने बाबा को यह, गया दौड़कर सेवक एक ।
    <br />
    सुनकर भृकुटि तनी और, विस्मरण हो गया सभी विवेक ॥
    <br />
    हुक्म दिया सेवक को, सत्वर पकड़ दुष्ट को लाओ ।
    <br />
    या शिर्डी की सीमा से, कपटी को दूर भगाओ ॥
    <br />
    मेरे रहते भोली-भाली, शिर्डी की जनता को ।
    <br />
    कौन नीच ऐसा जो, साहस करता है छलने को ॥
    <br />
    पल भर में ही ऐसे ढ़ोंगी, कपटी नीच लुटेरे को ।
    <br />
    महानाश के महागर्त में, पहुंचा दूं जीवन भर को ॥
    <br />
    तनिक मिला आभास मदारी क्रूर कुटिल अन्यायी को ।
    <br />
    काल नाचता है अब सिर पर, गुस्सा आया साईं को ॥
    <br />
    पल भर में सब खेल बन्द कर, भागा सिर पर रखकर पैर ।
    <br />
    सोच था मन ही मन, भगवान नहीं है अब खैर ॥
    <br />
    सच है साईं जैसा दानी, मिल न सकेगा जग में ।
    <br />
    अंश ईश का साईंबाबा, उन्हें न कुछ भी मुश्किल जग में ॥
    <br />
    स्नेह, शील, सौजन्य आदि का, आभूषण धारण कर ।
    <br />
    बढ़ता इस दुनिया में जो भी, मानव-सेवा के पथ पर ॥
    <br />
    वही जीत लेता है जगती के, जन-जन का अन्त:स्थल ।
    <br />
    उसकी एक उदासी ही जग को कर देती है विह्वल ॥
    <br />
    जब-जब जग में भार पाप का, बढ़ बढ़ ही जाता है ।
    <br />
    उसे मिटाने के ही खातिर, अवतारी ही आता है ॥
    <br />
    पाप और अन्याय सभी कुछ, इस जगती का हर के ।
    <br />
    दूर भगा देता दुनिया के, दानव को क्षण भर में ॥
    <br />
    स्नेह सुधा की धार बरसने, लगती है इस दुनिया में ।
    <br />
    गले परस्पर मिलने लगते, हैं जन-जन आपस में ॥
    <br />
    ऐसे ही अवतारी साईं, मृत्युलोक में आकर ।
    <br />
    समता का यह पाठ पढ़ाया, सबको अपना आप मिटाकर ॥
    <br />
    नाम द्वारका मस्जिद का, रक्खा शिर्डी में साईं ने ।
    <br />
    दाप, ताप, सन्ताप मिटाया, जो कुछ आया साईं ने ॥
    <br />
    सदा याद में मस्त राम की, बैठे रहते थे साईं ।
    <br />
    पहर आठ ही राम नाम का, भजते रहते थे साईं ॥
    <br />
    सूखी-रूखी, ताजी-बासी, चाहे या होवे पकवान ।
    <br />
    सदा प्यार के भूखे साईं की, खातिर थे सभी समान ॥
    <br />
    स्नेह और श्रद्धा से अपनी, जन जो कुछ दे जाते थे ।
    <br />
    बड़े चाव से उस भोजन को, बाबा पावन करते थे ॥
    <br />
    कभी-कभी मन बहलाने को, बाबा बाग में जाते थे ।
    <br />
    प्रमुदित मन निरख प्रकृति, छटा को वे होते थे ॥
    <br />
    रंग-बिरंगे पुष्प बाग के, मन्द-मन्द हिल-डुल करके ।
    <br />
    बीहड़ वीराने मन में भी, स्नेह सलिल भर जाते थे ॥
    <br />
    ऐसी सुमधुर बेला में भी, दु:ख आपात विपदा के मारे ।
    <br />
    अपने मन की व्यथा सुनाने, जन रहते बाबा को घेरे ॥
    <br />
    सुनकर जिनकी करूण कथा को, नयन कमल भर आते थे ।
    <br />
    दे विभूति हर व्यथा,शान्ति, उनके उर में भर देते थे ॥
    <br />
    जाने क्या अद्भुत,शक्ति, उस विभूति में होती थी ।
    <br />
    जो धारण करते मस्तक पर, दु:ख सारा हर लेती थी ॥
    <br />
    धन्य मनुज वे साक्षात् दर्शन, जो बाबा साईं के पाये ।
    <br />
    धन्य कमल-कर उनके जिनसे, चरण-कमल वे परसाये ॥
    <br />
    काश निर्भय तुमको भी, साक्षात साईं मिल जाता ।
    <br />
    बरसों से उजड़ा चमन अपना, फिर से आज खिल जाता ॥
    <br />
    गर पकड़ता मैं चरण श्री के, नहीं छोड़ता उम्रभर ।
    <br />
    मना लेता मैं जरूर उनको, गर रूठते साईं मुझ पर ॥
    <br />
  </p>
</NavigationBar>
`;

exports[`Aarti renders properly 21`] = `
<NavigationBar>
  <h1>
    सरस्वती
     
    चालीसा
  </h1>
  <br />
  <p>
    ॥ दोहा ॥
    <br />
    <br />
    जनक जननि पद कमल रज, निज मस्तक पर धारि ।
    <br />
    बन्दौं मातु सरस्वती, बुद्धि बल दे दातारि ॥
    <br />
    पूर्ण जगत में व्याप्त तव, महिमा अमित अनंतु ।
    <br />
    रामसागर के पाप को, मातु तुही अब हन्तु ॥
    <br />
    चौपाई जय श्री सकल बुद्धि बलरासी ।
    <br />
    जय सर्वज्ञ अमर अविनासी ॥
    <br />
    जय जय जय वीणाकर धारी ।
    <br />
    करती सदा सुहंस सवारी ॥
    <br />
    रूप चतुर्भुजधारी माता ।
    <br />
    सकल विश्व अन्दर विख्याता ॥
    <br />
    जग में पाप बुद्धि जब होती ।
    <br />
    जबहि धर्म की फीकी ज्योती ॥
    <br />
    तबहि मातु ले निज अवतारा ।
    <br />
    पाप हीन करती महि तारा ॥
    <br />
    बाल्मीकि जी थे बहम ज्ञानी ।
    <br />
    तव प्रसाद जानै संसारा ॥
    <br />
    रामायण जो रचे बनाई ।
    <br />
    आदि कवी की पदवी पाई ॥
    <br />
    कालिदास जो भये विख्याता ।
    <br />
    तेरी कृपा दृष्टि से माता ॥
    <br />
    तुलसी सूर आदि विद्धाना ।
    <br />
    भये और जो ज्ञानी नाना ॥
    <br />
    तिन्हहिं न और रहेउ अवलम्बा ।
    <br />
    केवल कृपा आपकी अम्बा ॥
    <br />
    करहु कृपा सोइ मातु भवानी ।
    <br />
    दुखित दीन निज दासहि जानी ॥
    <br />
    पुत्र करै अपराध बहूता ।
    <br />
    तेहि न धरइ चित सुन्दर माता ॥
    <br />
    राखु लाज जननी अब मेरी ।
    <br />
    विनय करूं बहु भांति घनेरी ॥
    <br />
    मैं अनाथ तेरी अवलंबा ।
    <br />
    कृपा करउ जय जय जगदंबा ॥
    <br />
    मधु कैटभ जो अति बलवाना ।
    <br />
    बाहुयुद्ध विष्णू ते ठाना ॥
    <br />
    समर हजार पांच में घोरा ।
    <br />
    फिर भी मुख उनसे नहिं मोरा ॥
    <br />
    मातु सहाय भई तेहि काला ।
    <br />
    बुद्धि विपरीत करी खलहाला ॥
    <br />
    तेहि ते मृत्यु भई खल केरी ।
    <br />
    पुरवहु मातु मनोरथ मेरी ॥
    <br />
    चंड मुण्ड जो थे विख्याता ।
    <br />
    छण महुं संहारेउ तेहि माता ॥
    <br />
    रक्तबीज से समरथ पापी ।
    <br />
    सुर-मुनि हृदय धरा सब कांपी ॥
    <br />
    काटेउ सिर जिम कदली खम्बा ।
    <br />
    बार बार बिनवउं जगदंबा ॥
    <br />
    जग प्रसिद्ध जो शुंभ निशुंभा ।
    <br />
    छिन में बधे ताहि तू अम्बा ॥
    <br />
    भरत-मातु बुधि फेरेउ जाई ।
    <br />
    रामचंद्र बनवास कराई ॥
    <br />
    एहि विधि रावन वध तुम कीन्हा ।
    <br />
    सुर नर मुनि सब कहुं सुख दीन्हा ॥
    <br />
    को समरथ तव यश गुन गाना ।
    <br />
    निगम अनादि अनंत बखाना ॥
    <br />
    विष्णु रूद्र अज सकहिं न मारी ।
    <br />
    जिनकी हो तुम रक्षाकारी ॥
    <br />
    रक्त दन्तिका और शताक्षी ।
    <br />
    नाम अपार है दानव भक्षी ॥
    <br />
    दुर्गम काज धरा पर कीन्हा ।
    <br />
    दुर्गा नाम सकल जग लीन्हा ॥
    <br />
    दुर्ग आदि हरनी तू माता ।
    <br />
    कृपा करहु जब जब सुखदाता ॥
    <br />
    नृप कोपित जो मारन चाहै ।
    <br />
    कानन में घेरे मृग नाहै ॥
    <br />
    सागर मध्य पोत के भंगे ।
    <br />
    अति तूफान नहिं कोऊ संगे ॥
    <br />
    भूत प्रेत बाधा या दुःख में ।
    <br />
    हो दरिद्र अथवा संकट में ॥
    <br />
    नाम जपे मंगल सब होई ।
    <br />
    संशय इसमें करइ न कोई ॥
    <br />
    पुत्रहीन जो आतुर भाई ।
    <br />
    सबै छांड़ि पूजें एहि माई ॥
    <br />
    करै पाठ नित यह चालीसा ।
    <br />
    होय पुत्र सुन्दर गुण ईसा ॥
    <br />
    धूपादिक नैवेद्य चढावै ।
    <br />
    संकट रहित अवश्य हो जावै ॥
    <br />
    भक्ति मातु की करै हमेशा ।
    <br />
    निकट न आवै ताहि कलेशा ॥
    <br />
    बंदी पाठ करें शत बारा ।
    <br />
    बंदी पाश दूर हो सारा ॥
    <br />
    करहु कृपा भवमुक्ति भवानी ।
    <br />
    मो कहं दास सदा निज जानी ॥
    <br />
    ॥ दोहा ॥
    <br />
    माता सूरज कान्ति तव , अंधकार मम रूप ।
    <br />
    डूबन ते रक्षा करहु , परूं न मैं भव-कूप ॥
    <br />
    बल बुद्धि विद्या देहुं मोहि, सुनहु सरस्वति मातु ।
    <br />
    अधम रामसागरहिं तुम, आश्रय देउ पुनातु ॥
    <br />
  </p>
</NavigationBar>
`;

exports[`Aarti renders properly 22`] = `
<NavigationBar>
  <h1>
    शनि
     
    चालीसा
  </h1>
  <br />
  <p>
    ॥ दोहा ॥
    <br />
    <br />
    जय गणेश गिरिजा सुवन, मंगल करण कृपाल ।
    <br />
    दीनन के दुःख दूर करि , कीजै नाथ निहाल ॥
    <br />
    जय जय श्री शनिदेव प्रभु , सुनहु विनय महाराज ।
    <br />
    करहु कृपा हे रवि तनय , राखहु जन की लाज ॥
    <br />
    <br />
    चौपाई
    <br />
    जयति जयति शनिदेव दयाला ।
    <br />
    करत सदा भक्तन प्रतिपाला ॥
    <br />
    चारि भुजा, तनु श्याम विराजै ।
    <br />
    माथे रतन मुकुट छवि छाजै ॥
    <br />
    परम विशाल मनोहर भाला ।
    <br />
    टेढ़ी दृष्टि भृकुटि विकराला ॥
    <br />
    कुण्डल श्रवन चमाचम चमके ।
    <br />
    हिये माल मुक्तन मणि दमकै ॥
    <br />
    कर में गदा त्रिशूल कुठारा ।
    <br />
    पल बिच करैं अरिहिं संहारा ॥
    <br />
    पिंगल, कृष्णो, छाया, नन्दन ।
    <br />
    यम, कोणस्थ, रौद्र, दुःख भंजन ॥
    <br />
    सौरी, मन्द शनी दश नामा ।
    <br />
    भानु पुत्र पूजहिं सब कामा ॥
    <br />
    जापर प्रभु प्रसन्न हवैं जाहीं ।
    <br />
    रंकहुं राव करैं क्षण माहीं ॥
    <br />
    पर्वतहू तृण होइ निहारत ।
    <br />
    तृणहू को पर्वत करि डारत ॥
    <br />
    राज मिलत वन रामहिं दीन्हयो ।
    <br />
    कैकेइहुँ की मति हरि लीन्हयो ॥
    <br />
    वनहुं में मृग कपट दिखाई ।
    <br />
    मातु जानकी गई चुराई ॥
    <br />
    लषणहिं शक्ति विकल करिडारा ।
    <br />
    मचिगा दल में हाहाकारा ॥
    <br />
    रावण की गति-मति बौराई ।
    <br />
    रामचन्द्र सों बैर बढ़ाई ॥
    <br />
    दियो कीट करि कंचन लंका ।
    <br />
    बजि बजरंग बीर की डंका ॥
    <br />
    नृप विक्रम पर तुहि पगु धारा ।
    <br />
    चित्र मयूर निगलि गै हारा ॥
    <br />
    हार नौलखा लाग्यो चोरी ।
    <br />
    हाथ पैर डरवायो तोरी ॥
    <br />
    भारी दशा निकृष्ट दिखायो ।
    <br />
    तेलहिं घर कोल्हू चलवायो ॥
    <br />
    विनय राग दीपक महँ कीन्हयों ।
    <br />
    तब प्रसन्न प्रभु ह्वै सुख दीन्हयों ॥
    <br />
    हरिश्चन्द्र नृप नारि बिकानी ।
    <br />
    आपहुं भरे डोम घर पानी ॥
    <br />
    तैसे नल पर दशा सिरानी ।
    <br />
    भूंजी-मीन कूद गई पानी ॥
    <br />
    श्री शंकरहिं गह्यो जब जाई ।
    <br />
    पारवती को सती कराई ॥
    <br />
    तनिक विकलोकत ही करि रीसा ।
    <br />
    नभ उड़ि गतो गौरिसुत सीसा ॥
    <br />
    पाण्डव पर भै दशा तुम्हारी ।
    <br />
    बची द्रोपदी होति उधारी ॥
    <br />
    कौरव के भी गति मति मारयो ।
    <br />
    युद्ध महाभारत करि डारयो ॥
    <br />
    रवि कहँ मुख महँ धरि तत्काला ।
    <br />
    लेकर कूदि परयो पाताला ॥
    <br />
    शेष देव-लखि विनती लाई ।
    <br />
    रवि को मुख ते दियो छुड़ाई ॥
    <br />
    वाहन प्रभु के सात सुजाना ।
    <br />
    जग दिग्गज गर्दभ मृग स्वाना ॥
    <br />
    जम्बुक सिह आदि नख धारी ।
    <br />
    सो फल ज्योतिष कहत पुकारी ॥
    <br />
    गज वाहन लक्ष्मी गृह आवैं ।
    <br />
    हय ते सुख सम्पत्ति उपजावै ॥
    <br />
    गर्दभ हानि करै बहु काजा ।
    <br />
    सिह सिद्ध्कर राज समाजा ॥
    <br />
    जम्बुक बुद्धि नष्ट कर डारै ।
    <br />
    मृग दे कष्ट प्राण संहारै ॥
    <br />
    जब आवहिं स्वान सवारी ।
    <br />
    चोरी आदि होय डर भारी ॥
    <br />
    तैसहि चारि चरण यह नामा ।
    <br />
    स्वर्ण लौह चाँदी अरु तामा ॥
    <br />
    लौह चरण पर जब प्रभु आवैं ।
    <br />
    धन जन सम्पत्ति नष्ट करावैं ॥
    <br />
    समता ताम्र रजत शुभकारी ।
    <br />
    स्वर्ण सर्वसुख मंगल भारी ॥
    <br />
    जो यह शनि चरित्र नित गावै ।
    <br />
    कबहुं न दशा निकृष्ट सतावै ॥
    <br />
    अद्भुत नाथ दिखावैं लीला ।
    <br />
    करैं शत्रु के नशि बलि ढीला ॥
    <br />
    जो पण्डित सुयोग्य बुलवाई ।
    <br />
    विधिवत शनि ग्रह शांति कराई ॥
    <br />
    पीपल जल शनि दिवस चढ़ावत ।
    <br />
    दीप दान दै बहु सुख पावत ॥
    <br />
    कहत राम सुन्दर प्रभु दासा ।
    <br />
    शनि सुमिरत सुख होत प्रकाशा ॥
    <br />
    ॥ दोहा ॥
    <br />
    पाठ शनिश्चर देव को, की हों 'भक्त' तैयार ।
    <br />
    करत पाठ चालीस दिन, हो भवसागर पार ॥
    <br />
    ॥इति श्री शनि चालीसा॥
    <br />
  </p>
</NavigationBar>
`;

exports[`Aarti renders properly 23`] = `
<NavigationBar>
  <h1>
    शिव
     
    चालीसा
  </h1>
  <br />
  <p>
    दोहा
    <br />
    <br />
    श्री गणेश गिरिजा सुवन, मंगल मूल सुजान ।
    <br />
    कहत अयोध्यादास तुम, देहु अभय वरदान ॥
    <br />
    जय गिरिजा पति दीन दयाला । सदा करत सन्तन प्रतिपाला ॥
    <br />
    भाल चन्द्रमा सोहत नीके । कानन कुण्डल नागफनी के॥
    <br />
    अंग गौर शिर गंग बहाये । मुण्डमाल तन छार लगाये ॥
    <br />
    वस्त्र खाल बाघम्बर सोहे । छवि को देख नाग मुनि मोहे ॥
    <br />
    मैना मातु की ह्वै दुलारी । बाम अंग सोहत छवि न्यारी ॥
    <br />
    कर त्रिशूल सोहत छवि भारी । करत सदा शत्रुन क्षयकारी ॥
    <br />
    नन्दि गणेश सोहै तहँ कैसे । सागर मध्य कमल हैं जैसे॥
    <br />
    कार्तिक श्याम और गणराऊ । या छवि को कहि जात न काऊ ॥
    <br />
    देवन जबहीं जाय पुकारा । तब ही दुख प्रभु आप निवारा ॥
    <br />
    किया उपद्रव तारक भारी । देवन सब मिलि तुमहिं जुहारी ॥
    <br />
    तुरत षडानन आप पठायउ । लवनिमेष महँ मारि गिरायउ ॥
    <br />
    आप जलंधर असुर संहारा। सुयश तुम्हार विदित संसारा ॥
    <br />
    त्रिपुरासुर सन युद्ध मचाई । सबहिं कृपा कर लीन बचाई ॥
    <br />
    किया तपहिं भागीरथ भारी । पुरब प्रतिज्ञा तासु पुरारी ॥
    <br />
    दानिन महं तुम सम कोउ नाहीं । सेवक स्तुति करत सदाहीं ॥
    <br />
    वेद नाम महिमा तव गाई । अकथ अनादि भेद नहिं पाई ॥
    <br />
    प्रगट उदधि मंथन में ज्वाला । जरे सुरासुर भये विहाला ॥
    <br />
    कीन्ह दया तहँ करी सहाई । नीलकण्ठ तब नाम कहाई ॥
    <br />
    पूजन रामचंद्र जब कीन्हा । जीत के लंक विभीषण दीन्हा ॥
    <br />
    सहस कमल में हो रहे धारी । कीन्ह परीक्षा तबहिं पुरारी ॥
    <br />
    एक कमल प्रभु राखेउ जोई । कमल नयन पूजन चहं सोई ॥
    <br />
    कठिन भक्ति देखी प्रभु शंकर । भये प्रसन्न दिए इच्छित वर ॥
    <br />
    जय जय जय अनंत अविनाशी । करत कृपा सब के घटवासी ॥
    <br />
    दुष्ट सकल नित मोहि सतावै । भ्रमत रहे मोहि चैन न आवै ॥
    <br />
    त्राहि त्राहि मैं नाथ पुकारो । यहि अवसर मोहि आन उबारो ॥
    <br />
    लै त्रिशूल शत्रुन को मारो । संकट से मोहि आन उबारो ॥
    <br />
    मातु पिता भ्राता सब कोई । संकट में पूछत नहिं कोई ॥
    <br />
    स्वामी एक है आस तुम्हारी । आय हरहु अब संकट भारी ॥
    <br />
    धन निर्धन को देत सदाहीं । जो कोई जांचे वो फल पाहीं ॥
    <br />
    अस्तुति केहि विधि करौं तुम्हारी । क्षमहु नाथ अब चूक हमारी ॥
    <br />
    शंकर हो संकट के नाशन । मंगल कारण विघ्न विनाशन ॥
    <br />
    योगी यति मुनि ध्यान लगावैं । नारद शारद शीश नवावैं ॥
    <br />
    नमो नमो जय नमो शिवाय । सुर ब्रह्मादिक पार न पाय ॥
    <br />
    जो यह पाठ करे मन लाई । ता पार होत है शम्भु सहाई ॥
    <br />
    ॠनिया जो कोई हो अधिकारी । पाठ करे सो पावन हारी ॥
    <br />
    पुत्र हीन कर इच्छा कोई । निश्चय शिव प्रसाद तेहि होई ॥
    <br />
    पण्डित त्रयोदशी को लावे । ध्यान पूर्वक होम करावे ॥
    <br />
    त्रयोदशी ब्रत करे हमेशा । तन नहीं ताके रहे कलेशा ॥
    <br />
    धूप दीप नैवेद्य चढ़ावे । शंकर सम्मुख पाठ सुनावे ॥
    <br />
    जन्म जन्म के पाप नसावे । अन्तवास शिवपुर में पावे ॥
    <br />
    कहे अयोध्या आस तुम्हारी । जानि सकल दुःख हरहु हमारी॥
    <br />
    ॥ दोहा ॥
    <br />
    नित्त नेम कर प्रातः ही, पाठ करौं चालीसा।
    <br />
    तुम मेरी मनोकामना, पूर्ण करो जगदीश ॥
    <br />
    मगसर छठि हेमन्त ॠतु, संवत चौसठ जान ।
    <br />
    अस्तुति चालीसा शिवहि, पूर्ण कीन कल्याण ॥
    <br />
    ॥ इति शिव चालीसा ॥
    <br />
  </p>
</NavigationBar>
`;

exports[`Aarti renders properly 24`] = `
<NavigationBar>
  <h1>
    विष्णु
     
    चालीसा
  </h1>
  <br />
  <p>
    जय जय जय श्री जगत पति, जगदाधर अनंतव्िश्वेश्वर अखिलेश आज, सर्वेश्वर भगवंत.
    <br />
    जय जय ध्रनीधार श्रुति सागर जयती गदाधर सदगुण अगर.
    <br />
    श्री वासुदेव देवकी नंदनवासुदेव, नासन-भाव-फंदान.
    <br />
    नामो-नामो सचराचर-स्वामीपरंब्राह्मा प्रभु नामो नामो नमामि.
    <br />
    नामो-नामो त्रिभुवन पति इष्कमाला पति केशव योगीश.
    <br />
    गरूदध्वज आज, भाव भाई हरीमुरलीधर हरी मदन मुरारी.
    <br />
    नारायण श्रीपती पुरषोत्तमपाद्मनभि नरहरी सर्वोत्तम.
    <br />
    जय माधव मुकुड़, वनमलिखल दल मर्दां, दमन-कुचली.
    <br />
    जय अगणित इंदनीया सारंगधार विश्वा रूप वामन आनंद कार.
    <br />
    जय जय लोकध्यक्ष-धननीजइसहस्त्रगया जगणात जयती जय.
    <br />
    जय मधुसूदन अनुपम आनंजायती वायु-वहन वज्रा कानन.
    <br />
    जय गोविंद जनार्दन देवशुभ फल लहट गहट तव सेवा.
    <br />
    श्याम सरोरुह सम तन सोहतदर्शा करत, सुर नर मुनि मोहात.
    <br />
    भाई विशाल मुकुट शिर सजातूर वैजन्ती माल विराजत.
    <br />
    तिरच्ही भृकुटी छाप जानू धारेटिन-तर नं कमाल अरणरे.
    <br />
    नशा चिबुक कपोल मनोहर मृदु मुस्कान कुंज आधारण पर.
    <br />
    जानू मानी पंक्ति दशन मन भवनबसन पीट तन परम सुहावन.
    <br />
  </p>
</NavigationBar>
`;
