// Jest Snapshot v1, https://goo.gl/fbAQLP

exports[`About renders properly 1`] = `
<NavigationBar>
  <h1>
    About
  </h1>
  <p>
    Kathas is a website based on the original
     
    <a
      href="http://kathas.github.io/"
    >
      Kathas
    </a>
     that is rewritten in React
  </p>
</NavigationBar>
`;
