// Jest Snapshot v1, https://goo.gl/fbAQLP

exports[`NavigationBar renders properly 1`] = `
NavigationBar {
  "context": Object {},
  "props": Object {},
  "refs": Object {},
  "state": Object {
    "redirect": false,
    "value": "",
  },
  "updater": Updater {
    "_callbacks": Array [],
    "_renderer": ReactShallowRenderer {
      "_context": Object {},
      "_didScheduleRenderPhaseUpdate": false,
      "_dispatcher": Object {
        "readContext": [Function],
        "useCallback": [Function],
        "useContext": [Function],
        "useDebugValue": [Function],
        "useDeferredValue": [Function],
        "useEffect": [Function],
        "useImperativeHandle": [Function],
        "useLayoutEffect": [Function],
        "useMemo": [Function],
        "useReducer": [Function],
        "useRef": [Function],
        "useResponder": [Function],
        "useState": [Function],
        "useTransition": [Function],
      },
      "_element": <NavigationBar />,
      "_firstWorkInProgressHook": null,
      "_forcedUpdate": false,
      "_instance": [Circular],
      "_isReRender": false,
      "_newState": null,
      "_numberOfReRenders": 0,
      "_renderPhaseUpdates": null,
      "_rendered": <React.Fragment>
        <Navbar
          bg="primary"
          collapseOnSelect={true}
          expand="lg"
          style={
            Object {
              "zIndex": 10,
            }
          }
          variant="dark"
        >
          <NavbarBrand
            href="/"
            style={
              Object {
                "fontSize": "3rem",
              }
            }
          >
            <img
              alt="kathas icon"
              src=""
              style={
                Object {
                  "display": "inline-block",
                  "marginLeft": 10,
                  "marginRight": 5,
                  "width": "2rem",
                }
              }
            />
             
            Kathas
          </NavbarBrand>
          <NavbarToggle
            aria-controls="responsive-navbar-nav"
            label="Toggle navigation"
          />
          <NavbarCollapse
            id="responsive-navbar-nav"
          >
            <Nav
              className="mr-auto"
              fill={false}
              justify={false}
            >
              <Link
                className="nav-link"
                to="/"
              >
                Home
              </Link>
              <Link
                className="nav-link"
                to="/about"
              >
                About
              </Link>
              <Form
                inline={false}
                style={
                  Object {
                    "display": "flex",
                    "justifyContent": "center",
                  }
                }
              >
                <FormControl
                  aria-label="Search"
                  onChange={[Function]}
                  onKeyPress={[Function]}
                  placeholder="Search 🔍"
                  style={
                    Object {
                      "fontSize": 16,
                      "height": 40,
                      "marginLeft": 10,
                      "marginRight": 2,
                      "maxWidth": 200,
                    }
                  }
                  type="search"
                  value=""
                />
                <Button
                  active={false}
                  disabled={false}
                  onClick={[Function]}
                  style={
                    Object {
                      "width": 75,
                    }
                  }
                  variant="success"
                >
                  Search
                </Button>
              </Form>
            </Nav>
          </NavbarCollapse>
        </Navbar>
        <div
          style={
            Object {
              "marginTop": 70,
            }
          }
        />
      </React.Fragment>,
      "_rendering": false,
      "_updater": [Circular],
      "_workInProgressHook": null,
    },
  },
}
`;
