// Jest Snapshot v1, https://goo.gl/fbAQLP

exports[`NotFound renders properly 1`] = `
<NavigationBar>
  <h1>
    404: Not Found
  </h1>
  <p>
    The path that you requested was not found. Try going back to the
     
    <Link
      to="/"
    >
      homepage
    </Link>
    .
  </p>
</NavigationBar>
`;
